sudo yum install mdadm
добавляем место на котором создаем разделы:
sudo fdisk /dev/sda1 # создаем разделы (n/p/default/default/size/w)
два одинаковых по объему.
создаем RAID(вывод из консоли):
[vagrant@localhost ~]$ sudo mdadm --create --verbose /dev/md0 --level=1 --raid-devices=2 /dev/sdb1 /dev/sdb2
mdadm: Note: this array has metadata at the start and
    may not be suitable as a boot device.  If you plan to
    store '/boot' on this device please ensure that
    your boot-loader understands md/v1.x metadata, or use
    --metadata=0.90
mdadm: size set to 101376K
Continue creating array? y
mdadm: Defaulting to version 1.2 metadata
mdadm: array /dev/md0 started.
[vagrant@localhost ~]$ cat /proc/mdstat
Personalities : [raid1]
md0 : active raid1 sdb2[1] sdb1[0]
      101376 blocks super 1.2 [2/2] [UU]

unused devices: <none>
[vagrant@localhost ~]$ lsblk
NAME    MAJ:MIN RM  SIZE RO TYPE  MOUNTPOINT
sda       8:0    0   40G  0 disk
└─sda1    8:1    0   40G  0 part  /
sdb       8:16   0  600M  0 disk
├─sdb1    8:17   0  100M  0 part
│ └─md0   9:0    0   99M  0 raid1
└─sdb2    8:18   0  100M  0 part
  └─md0   9:0    0   99M  0 raid1
 
 [vagrant@localhost ~]$ sudo kfs.ext4 /dev/md0
 mke2fs 1.42.9 (28-Dec-2013)
Filesystem label=
OS type: Linux
Block size=1024 (log=0)
Fragment size=1024 (log=0)
Stride=0 blocks, Stripe width=0 blocks
25376 inodes, 101376 blocks
5068 blocks (5.00%) reserved for the super user
First data block=1
Maximum filesystem blocks=33685504
13 block groups
8192 blocks per group, 8192 fragments per group
1952 inodes per group
Superblock backups stored on blocks:
        8193, 24577, 40961, 57345, 73729

Allocating group tables: done
Writing inode tables: done
Creating journal (4096 blocks): done
Writing superblocks and filesystem accounting information: done
 [vagrant@localhost ~]$ sudo blkid
 /dev/md0: UUID="c1fa95bf-8b5a-46b6-a881-c9af4cccb9f7" TYPE="ext4"
 [vagrant@localhost ~]$ mkdir mount
 [vagrant@localhost ~]$ sudo mount /dev/md0 ./mount
 [vagrant@localhost ~]$ sudo vi /etc/fstab
 добавляем строку
 UUID="c1fa95bf-8b5a-46b6-a881-c9af4cccb9f7" /home/vagrant/mount         ext4    defaults        0 0
 [vagrant@centos7 ~]$ df -h
Filesystem      Size  Used Avail Use% Mounted on
/dev/sda1        40G  2.9G   38G   8% /
devtmpfs        900M     0  900M   0% /dev
tmpfs           908M     0  908M   0% /dev/shm
tmpfs           908M  8.5M  899M   1% /run
tmpfs           908M     0  908M   0% /sys/fs/cgroup
/dev/md0         92M  1.6M   84M   2% /home/vagrant/mount
tmpfs           182M     0  182M   0% /run/user/1000
